// Jest Snapshot v1, https://goo.gl/fbAQLP

exports[`<ReactCamSnapper /> renders the component 1`] = `
<DocumentFragment>
  <div>
    React Cam Snapper
  </div>
</DocumentFragment>
`;
