// Jest Snapshot v1, https://goo.gl/fbAQLP

exports[`<MyComponent /> renders the component 1`] = `
<DocumentFragment>
  <div
    class="css-vurnku"
  >
    MyComponent
  </div>
</DocumentFragment>
`;
